
> jra-crm@0.1.0 build
> next build

node.exe :  ΓÜá Warning: 
Next.js inferred your 
workspace root, but it may 
not be correct.
At C:\Program 
Files\nodejs\npm.ps1:29 char:3
+   & $NODE_EXE $NPM_CLI_JS 
$args
+   
~~~~~~~~~~~~~~~~~~~~~~~~~~~~~
    + CategoryInfo          : 
    NotSpecified: ( ΓÜá Warn  
  ing: N...not be correct.:   
 String) [], RemoteExcepti    
on
    + FullyQualifiedErrorId : 
    NativeCommandError
 
 We detected multiple 
lockfiles and selected the 
directory of C:\Users\RITESH\p
ackage-lock.json as the root 
directory.
 To silence this warning, set 
`outputFileTracingRoot` in 
your Next.js config, or 
consider removing one of the 
lockfiles if it's not needed.
   See https://nextjs.org/docs
/app/api-reference/config/next
-config-js/output#caveats for 
more information.
 Detected additional 
lockfiles: 
   * C:\Users\RITESH\Documents
\github\jra\jra-crm\package-lo
ck.json

   Γû▓ Next.js 15.5.12
   - Environments: .env

   Creating an optimized production build ...
 ΓÜá Compiled with warnings 
in 52s

./src/app/dashboard/layout.tsx
Attempted import error: 
'SignOutButton' is not 
exported from 
'@insforge/nextjs' (imported 
as 'SignOutButton').

Import trace for requested 
module:
./src/app/dashboard/layout.tsx

./src/app/dashboard/layout.tsx
Attempted import error: 
'SignOutButton' is not 
exported from 
'@insforge/nextjs' (imported 
as 'SignOutButton').

Import trace for requested 
module:
./src/app/dashboard/layout.tsx

   Linting and checking validity of types ...
Failed to compile.

./src/app/dashboard/layout.tsx
:18:19
Type error: 
'"@insforge/nextjs"' has no 
exported member named 
'SignOutButton'. Did you mean 
'SignUpButton'?

[0m [90m 16 |[39m } 
[36mfrom[39m [32m'lucide-re
act'[39m[33m;[39m
 [90m 17 |[39m 
[36mimport[39m { useState } 
[36mfrom[39m 
[32m'react'[39m[33m;[39m
[31m[1m>[22m[39m[90m 18 
|[39m [36mimport[39m { 
useUser[33m,[39m 
[33mSignOutButton[39m } 
[36mfrom[39m [32m'@insforge
/nextjs'[39m[33m;[39m
 [90m    |[39m              
     [31m[1m^[22m[39m
 [90m 19 |[39m 
[36mimport[39m 
[33mLink[39m [36mfrom[39m 
[32m'next/link'[39m[33m;[3
9m
 [90m 20 |[39m 
[36mimport[39m { 
usePathname } [36mfrom[39m 
[32m'next/navigation'[39m[33
m;[39m
 [90m 21 |[39m 
[36mimport[39m { 
motion[33m,[39m 
[33mAnimatePresence[39m } 
[36mfrom[39m [32m'framer-mo
tion'[39m[33m;[39m[0m
Next.js build worker exited 
with code: 1 and signal: null
